Hello from MimirAether